# (C) 2024 GoodData Corporation
version: 1
interactions:
  - request:
      method: GET
      uri: http://localhost:3000/api/v1/actions/userManagement/users/demo2/permissions
      body: null
      headers:
        Accept:
          - application/json
        Accept-Encoding:
          - br, gzip, deflate
        X-GDC-VALIDATE-RELATIONS:
          - 'true'
        X-Requested-With:
          - XMLHttpRequest
    response:
      status:
        code: 200
        message: OK
      headers:
        Access-Control-Allow-Credentials:
          - 'true'
        Access-Control-Expose-Headers:
          - Content-Disposition, Content-Length, Content-Range, Set-Cookie
        Cache-Control:
          - no-cache, no-store, max-age=0, must-revalidate
        Connection:
          - keep-alive
        Content-Security-Policy:
          - 'default-src ''self'' *.wistia.com *.wistia.net; script-src ''self'' ''unsafe-inline''
            ''unsafe-eval'' *.wistia.com *.wistia.net *.hsforms.net *.hsforms.com
            src.litix.io matomo.anywhere.gooddata.com *.jquery.com unpkg.com cdnjs.cloudflare.com;
            img-src * data: blob:; style-src ''self'' ''unsafe-inline'' fonts.googleapis.com
            cdn.jsdelivr.net fast.fonts.net; font-src ''self'' data: fonts.gstatic.com
            *.alicdn.com *.wistia.com cdn.jsdelivr.net info.gooddata.com; frame-src
            ''self'' *.hsforms.net *.hsforms.com; object-src ''none''; worker-src
            ''self'' blob:; child-src blob:; connect-src ''self'' *.tiles.mapbox.com
            *.mapbox.com *.litix.io *.wistia.com *.hsforms.net *.hsforms.com embedwistia-a.akamaihd.net
            matomo.anywhere.gooddata.com; media-src ''self'' blob: data: *.wistia.com
            *.wistia.net embedwistia-a.akamaihd.net'
        Content-Type:
          - application/json
        DATE: &id001
          - PLACEHOLDER
        Expires:
          - '0'
        GoodData-Deployment:
          - aio
        Permission-Policy:
          - geolocation 'none'; midi 'none'; sync-xhr 'none'; microphone 'none'; camera
            'none'; magnetometer 'none'; gyroscope 'none'; fullscreen 'none'; payment
            'none';
        Pragma:
          - no-cache
        Referrer-Policy:
          - no-referrer
        Server:
          - nginx
        Transfer-Encoding:
          - chunked
        Vary:
          - Origin
          - Access-Control-Request-Method
          - Access-Control-Request-Headers
        X-Content-Type-Options:
          - nosniff
        X-GDC-TRACE-ID: *id001
        X-XSS-Protection:
          - '0'
        content-length:
          - '189'
        set-cookie:
          - SPRING_REDIRECT_URI=; Max-Age=0; Expires=Mon, 07 Oct 2024 09:19:11 GMT;
            Path=/; HTTPOnly; SameSite=Lax
      body:
        string:
          dataSources:
            - id: demo-test-ds
              name: demo-test-ds
              permissions:
                - MANAGE
          workspaces:
            - hierarchyPermissions:
                - MANAGE
              id: demo
              name: Demo
              permissions:
                - ANALYZE
  - request:
      method: POST
      uri: http://localhost:3000/api/v1/actions/userManagement/revokePermissions
      body:
        assignees:
          - id: demo2
            type: user
        workspaces:
          - hierarchyPermissions:
              - MANAGE
            id: demo
            permissions:
              - ANALYZE
            name: Demo
        dataSources:
          - id: demo-test-ds
            permissions:
              - MANAGE
            name: demo-test-ds
      headers:
        Accept-Encoding:
          - br, gzip, deflate
        Content-Type:
          - application/json
        X-GDC-VALIDATE-RELATIONS:
          - 'true'
        X-Requested-With:
          - XMLHttpRequest
    response:
      status:
        code: 200
        message: OK
      headers:
        Access-Control-Allow-Credentials:
          - 'true'
        Access-Control-Expose-Headers:
          - Content-Disposition, Content-Length, Content-Range, Set-Cookie
        Cache-Control:
          - no-cache, no-store, max-age=0, must-revalidate
        Connection:
          - keep-alive
        Content-Length:
          - '0'
        Content-Security-Policy:
          - 'default-src ''self'' *.wistia.com *.wistia.net; script-src ''self'' ''unsafe-inline''
            ''unsafe-eval'' *.wistia.com *.wistia.net *.hsforms.net *.hsforms.com
            src.litix.io matomo.anywhere.gooddata.com *.jquery.com unpkg.com cdnjs.cloudflare.com;
            img-src * data: blob:; style-src ''self'' ''unsafe-inline'' fonts.googleapis.com
            cdn.jsdelivr.net fast.fonts.net; font-src ''self'' data: fonts.gstatic.com
            *.alicdn.com *.wistia.com cdn.jsdelivr.net info.gooddata.com; frame-src
            ''self'' *.hsforms.net *.hsforms.com; object-src ''none''; worker-src
            ''self'' blob:; child-src blob:; connect-src ''self'' *.tiles.mapbox.com
            *.mapbox.com *.litix.io *.wistia.com *.hsforms.net *.hsforms.com embedwistia-a.akamaihd.net
            matomo.anywhere.gooddata.com; media-src ''self'' blob: data: *.wistia.com
            *.wistia.net embedwistia-a.akamaihd.net'
        DATE: *id001
        Expires:
          - '0'
        GoodData-Deployment:
          - aio
        Permission-Policy:
          - geolocation 'none'; midi 'none'; sync-xhr 'none'; microphone 'none'; camera
            'none'; magnetometer 'none'; gyroscope 'none'; fullscreen 'none'; payment
            'none';
        Pragma:
          - no-cache
        Referrer-Policy:
          - no-referrer
        Server:
          - nginx
        Vary:
          - Origin
          - Access-Control-Request-Method
          - Access-Control-Request-Headers
        X-Content-Type-Options:
          - nosniff
        X-GDC-TRACE-ID: *id001
        X-XSS-Protection:
          - '0'
        set-cookie:
          - SPRING_REDIRECT_URI=; Max-Age=0; Expires=Mon, 07 Oct 2024 09:19:11 GMT;
            Path=/; HTTPOnly; SameSite=Lax
      body:
        string: ''
  - request:
      method: GET
      uri: http://localhost:3000/api/v1/actions/userManagement/users/demo2/permissions
      body: null
      headers:
        Accept:
          - application/json
        Accept-Encoding:
          - br, gzip, deflate
        X-GDC-VALIDATE-RELATIONS:
          - 'true'
        X-Requested-With:
          - XMLHttpRequest
    response:
      status:
        code: 200
        message: OK
      headers:
        Access-Control-Allow-Credentials:
          - 'true'
        Access-Control-Expose-Headers:
          - Content-Disposition, Content-Length, Content-Range, Set-Cookie
        Cache-Control:
          - no-cache, no-store, max-age=0, must-revalidate
        Connection:
          - keep-alive
        Content-Security-Policy:
          - 'default-src ''self'' *.wistia.com *.wistia.net; script-src ''self'' ''unsafe-inline''
            ''unsafe-eval'' *.wistia.com *.wistia.net *.hsforms.net *.hsforms.com
            src.litix.io matomo.anywhere.gooddata.com *.jquery.com unpkg.com cdnjs.cloudflare.com;
            img-src * data: blob:; style-src ''self'' ''unsafe-inline'' fonts.googleapis.com
            cdn.jsdelivr.net fast.fonts.net; font-src ''self'' data: fonts.gstatic.com
            *.alicdn.com *.wistia.com cdn.jsdelivr.net info.gooddata.com; frame-src
            ''self'' *.hsforms.net *.hsforms.com; object-src ''none''; worker-src
            ''self'' blob:; child-src blob:; connect-src ''self'' *.tiles.mapbox.com
            *.mapbox.com *.litix.io *.wistia.com *.hsforms.net *.hsforms.com embedwistia-a.akamaihd.net
            matomo.anywhere.gooddata.com; media-src ''self'' blob: data: *.wistia.com
            *.wistia.net embedwistia-a.akamaihd.net'
        Content-Type:
          - application/json
        DATE: *id001
        Expires:
          - '0'
        GoodData-Deployment:
          - aio
        Permission-Policy:
          - geolocation 'none'; midi 'none'; sync-xhr 'none'; microphone 'none'; camera
            'none'; magnetometer 'none'; gyroscope 'none'; fullscreen 'none'; payment
            'none';
        Pragma:
          - no-cache
        Referrer-Policy:
          - no-referrer
        Server:
          - nginx
        Transfer-Encoding:
          - chunked
        Vary:
          - Origin
          - Access-Control-Request-Method
          - Access-Control-Request-Headers
        X-Content-Type-Options:
          - nosniff
        X-GDC-TRACE-ID: *id001
        X-XSS-Protection:
          - '0'
        content-length:
          - '34'
        set-cookie:
          - SPRING_REDIRECT_URI=; Max-Age=0; Expires=Mon, 07 Oct 2024 09:19:11 GMT;
            Path=/; HTTPOnly; SameSite=Lax
      body:
        string:
          dataSources: []
          workspaces: []
  - request:
      method: POST
      uri: http://localhost:3000/api/v1/actions/userManagement/users/demo2/permissions
      body:
        dataSources:
          - id: demo-test-ds
            permissions:
              - MANAGE
            name: demo-test-ds
        workspaces:
          - hierarchyPermissions:
              - MANAGE
            id: demo
            permissions:
              - ANALYZE
            name: Demo
      headers:
        Accept-Encoding:
          - br, gzip, deflate
        Content-Type:
          - application/json
        X-GDC-VALIDATE-RELATIONS:
          - 'true'
        X-Requested-With:
          - XMLHttpRequest
    response:
      status:
        code: 204
        message: No Content
      headers:
        Access-Control-Allow-Credentials:
          - 'true'
        Access-Control-Expose-Headers:
          - Content-Disposition, Content-Length, Content-Range, Set-Cookie
        Cache-Control:
          - no-cache, no-store, max-age=0, must-revalidate
        Connection:
          - keep-alive
        Content-Security-Policy:
          - 'default-src ''self'' *.wistia.com *.wistia.net; script-src ''self'' ''unsafe-inline''
            ''unsafe-eval'' *.wistia.com *.wistia.net *.hsforms.net *.hsforms.com
            src.litix.io matomo.anywhere.gooddata.com *.jquery.com unpkg.com cdnjs.cloudflare.com;
            img-src * data: blob:; style-src ''self'' ''unsafe-inline'' fonts.googleapis.com
            cdn.jsdelivr.net fast.fonts.net; font-src ''self'' data: fonts.gstatic.com
            *.alicdn.com *.wistia.com cdn.jsdelivr.net info.gooddata.com; frame-src
            ''self'' *.hsforms.net *.hsforms.com; object-src ''none''; worker-src
            ''self'' blob:; child-src blob:; connect-src ''self'' *.tiles.mapbox.com
            *.mapbox.com *.litix.io *.wistia.com *.hsforms.net *.hsforms.com embedwistia-a.akamaihd.net
            matomo.anywhere.gooddata.com; media-src ''self'' blob: data: *.wistia.com
            *.wistia.net embedwistia-a.akamaihd.net'
        DATE: *id001
        Expires:
          - '0'
        GoodData-Deployment:
          - aio
        Permission-Policy:
          - geolocation 'none'; midi 'none'; sync-xhr 'none'; microphone 'none'; camera
            'none'; magnetometer 'none'; gyroscope 'none'; fullscreen 'none'; payment
            'none';
        Pragma:
          - no-cache
        Referrer-Policy:
          - no-referrer
        Server:
          - nginx
        Vary:
          - Origin
          - Access-Control-Request-Method
          - Access-Control-Request-Headers
        X-Content-Type-Options:
          - nosniff
        X-GDC-TRACE-ID: *id001
        X-XSS-Protection:
          - '0'
        set-cookie:
          - SPRING_REDIRECT_URI=; Max-Age=0; Expires=Mon, 07 Oct 2024 09:19:11 GMT;
            Path=/; HTTPOnly; SameSite=Lax
      body:
        string: ''
