version: 1
interactions:
  - request:
      method: POST
      uri: http://localhost:3000/api/v1/actions/workspaces/demo/execution/afm/execute
      body:
        execution:
          attributes:
            - label:
                identifier:
                  id: products.category
                  type: label
              localIdentifier: c1240b6ba5cdafa4dd2ef1c728f0cffa
            - label:
                identifier:
                  id: region
                  type: label
              localIdentifier: 2660733dfc018f739b0d142f19af7126
          filters: []
          measures: []
        resultSpec:
          dimensions:
            - itemIdentifiers:
                - c1240b6ba5cdafa4dd2ef1c728f0cffa
                - 2660733dfc018f739b0d142f19af7126
              localIdentifier: dim_0
      headers:
        Accept:
          - application/json
        Accept-Encoding:
          - br, gzip, deflate
        Content-Type:
          - application/json
        X-GDC-VALIDATE-RELATIONS:
          - 'true'
        X-Requested-With:
          - XMLHttpRequest
    response:
      status:
        code: 200
        message: OK
      headers:
        Cache-Control:
          - no-cache, no-store, max-age=0, must-revalidate
        Content-Length:
          - '833'
        Content-Type:
          - application/json
        DATE: &id001
          - PLACEHOLDER
        Expires:
          - '0'
        Pragma:
          - no-cache
        Referrer-Policy:
          - no-referrer
        Vary:
          - Origin
          - Access-Control-Request-Method
          - Access-Control-Request-Headers
        X-Content-Type-Options:
          - nosniff
        X-Gdc-Cancel-Token:
          - a75503d5-bc08-4ab9-8623-b26c21f89ee0
        X-GDC-TRACE-ID: *id001
        X-Xss-Protection:
          - '0'
      body:
        string:
          executionResponse:
            dimensions:
              - headers:
                  - attributeHeader:
                      localIdentifier: c1240b6ba5cdafa4dd2ef1c728f0cffa
                      label:
                        id: products.category
                        type: label
                      labelName: Category
                      attribute:
                        id: products.category
                        type: attribute
                      attributeName: Category
                      granularity: null
                      primaryLabel:
                        id: products.category
                        type: label
                      valueType: TEXT
                  - attributeHeader:
                      localIdentifier: 2660733dfc018f739b0d142f19af7126
                      label:
                        id: region
                        type: label
                      labelName: Region
                      attribute:
                        id: region
                        type: attribute
                      attributeName: Region
                      granularity: null
                      primaryLabel:
                        id: region
                        type: label
                      valueType: TEXT
                localIdentifier: dim_0
            links:
              executionResult: 4754b9369ded6fa20fbc7c1c333f5e1977f5c1ec:c49d1cbc913496138d53c35b328e90e147200f38be78f098943ba079ae413e71
  - request:
      method: GET
      uri: http://localhost:3000/api/v1/entities/workspaces/demo/attributes?include=labels%2Cdatasets&filter=labels.id%3Din%3D%28products.category%2Cregion%29&page=0&size=500
      body: null
      headers:
        Accept:
          - application/json
        Accept-Encoding:
          - br, gzip, deflate
        X-GDC-VALIDATE-RELATIONS:
          - 'true'
        X-Requested-With:
          - XMLHttpRequest
    response:
      status:
        code: 200
        message: OK
      headers:
        Cache-Control:
          - no-cache, no-store, max-age=0, must-revalidate
        Content-Length:
          - '2689'
        Content-Type:
          - application/json
        DATE: *id001
        Expires:
          - '0'
        Pragma:
          - no-cache
        Referrer-Policy:
          - no-referrer
        Vary:
          - Origin
          - Access-Control-Request-Method
          - Access-Control-Request-Headers
        X-Content-Type-Options:
          - nosniff
        X-GDC-TRACE-ID: *id001
        X-Xss-Protection:
          - '0'
      body:
        string:
          data:
            - attributes:
                title: Category
                description: Category
                tags:
                  - Products
                areRelationsValid: true
                sourceColumn: category
                sourceColumnDataType: STRING
              id: products.category
              links:
                self: http://localhost:3000/api/v1/entities/workspaces/demo/attributes/products.category
              meta:
                origin:
                  originId: demo
                  originType: NATIVE
              relationships:
                dataset:
                  data:
                    id: products
                    type: dataset
                labels:
                  data:
                    - id: products.category
                      type: label
              type: attribute
            - attributes:
                title: Region
                description: Region
                tags:
                  - Customers
                areRelationsValid: true
                sourceColumn: region
                sourceColumnDataType: STRING
              id: region
              links:
                self: http://localhost:3000/api/v1/entities/workspaces/demo/attributes/region
              meta:
                origin:
                  originId: demo
                  originType: NATIVE
              relationships:
                dataset:
                  data:
                    id: customers
                    type: dataset
                labels:
                  data:
                    - id: region
                      type: label
              type: attribute
          included:
            - attributes:
                title: Customers
                description: Customers
                tags:
                  - Customers
                grain:
                  - id: customer_id
                    type: attribute
                dataSourceTableId: demo-test-ds:customers
                dataSourceTablePath:
                  - demo
                  - customers
                type: NORMAL
              id: customers
              links:
                self: http://localhost:3000/api/v1/entities/workspaces/demo/datasets/customers
              type: dataset
            - attributes:
                title: Region
                description: Region
                tags:
                  - Customers
                primary: true
                sourceColumn: region
                sourceColumnDataType: STRING
                valueType: TEXT
              id: region
              links:
                self: http://localhost:3000/api/v1/entities/workspaces/demo/labels/region
              type: label
            - attributes:
                title: Category
                description: Category
                tags:
                  - Products
                primary: true
                sourceColumn: category
                sourceColumnDataType: STRING
                valueType: TEXT
              id: products.category
              links:
                self: http://localhost:3000/api/v1/entities/workspaces/demo/labels/products.category
              type: label
            - attributes:
                title: Products
                description: Products
                tags:
                  - Products
                grain:
                  - id: product_id
                    type: attribute
                dataSourceTableId: demo-test-ds:products
                dataSourceTablePath:
                  - demo
                  - products
                type: NORMAL
              id: products
              links:
                self: http://localhost:3000/api/v1/entities/workspaces/demo/datasets/products
              type: dataset
          links:
            self: http://localhost:3000/api/v1/entities/workspaces/demo/attributes?include=labels%2Cdatasets&filter=labels.id%3Din%3D%28%27products.category%27%2C%27region%27%29&page=0&size=500
            next: http://localhost:3000/api/v1/entities/workspaces/demo/attributes?include=labels%2Cdatasets&filter=labels.id%3Din%3D%28%27products.category%27%2C%27region%27%29&page=1&size=500
  - request:
      method: GET
      uri: http://localhost:3000/api/v1/actions/workspaces/demo/execution/afm/execute/result/4754b9369ded6fa20fbc7c1c333f5e1977f5c1ec%3Ac49d1cbc913496138d53c35b328e90e147200f38be78f098943ba079ae413e71?offset=0&limit=1000
      body: null
      headers:
        Accept:
          - application/json
        Accept-Encoding:
          - br, gzip, deflate
        X-GDC-VALIDATE-RELATIONS:
          - 'true'
        X-Requested-With:
          - XMLHttpRequest
    response:
      status:
        code: 200
        message: OK
      headers:
        Cache-Control:
          - no-cache, no-store, max-age=0, must-revalidate
        Content-Length:
          - '2727'
        Content-Type:
          - application/json
        DATE: *id001
        Expires:
          - '0'
        Pragma:
          - no-cache
        Referrer-Policy:
          - no-referrer
        Vary:
          - Origin
          - Access-Control-Request-Method
          - Access-Control-Request-Headers
        X-Content-Type-Options:
          - nosniff
        X-GDC-TRACE-ID: *id001
        X-Xss-Protection:
          - '0'
      body:
        string:
          data: []
          dimensionHeaders:
            - headerGroups:
                - headers:
                    - attributeHeader:
                        labelValue: Clothing
                        primaryLabelValue: Clothing
                    - attributeHeader:
                        labelValue: Clothing
                        primaryLabelValue: Clothing
                    - attributeHeader:
                        labelValue: Clothing
                        primaryLabelValue: Clothing
                    - attributeHeader:
                        labelValue: Clothing
                        primaryLabelValue: Clothing
                    - attributeHeader:
                        labelValue: Clothing
                        primaryLabelValue: Clothing
                    - attributeHeader:
                        labelValue: Electronics
                        primaryLabelValue: Electronics
                    - attributeHeader:
                        labelValue: Electronics
                        primaryLabelValue: Electronics
                    - attributeHeader:
                        labelValue: Electronics
                        primaryLabelValue: Electronics
                    - attributeHeader:
                        labelValue: Electronics
                        primaryLabelValue: Electronics
                    - attributeHeader:
                        labelValue: Home
                        primaryLabelValue: Home
                    - attributeHeader:
                        labelValue: Home
                        primaryLabelValue: Home
                    - attributeHeader:
                        labelValue: Home
                        primaryLabelValue: Home
                    - attributeHeader:
                        labelValue: Home
                        primaryLabelValue: Home
                    - attributeHeader:
                        labelValue: Outdoor
                        primaryLabelValue: Outdoor
                    - attributeHeader:
                        labelValue: Outdoor
                        primaryLabelValue: Outdoor
                    - attributeHeader:
                        labelValue: Outdoor
                        primaryLabelValue: Outdoor
                    - attributeHeader:
                        labelValue: Outdoor
                        primaryLabelValue: Outdoor
                - headers:
                    - attributeHeader:
                        labelValue: Midwest
                        primaryLabelValue: Midwest
                    - attributeHeader:
                        labelValue: Northeast
                        primaryLabelValue: Northeast
                    - attributeHeader:
                        labelValue: South
                        primaryLabelValue: South
                    - attributeHeader:
                        labelValue: Unknown
                        primaryLabelValue: Unknown
                    - attributeHeader:
                        labelValue: West
                        primaryLabelValue: West
                    - attributeHeader:
                        labelValue: Midwest
                        primaryLabelValue: Midwest
                    - attributeHeader:
                        labelValue: Northeast
                        primaryLabelValue: Northeast
                    - attributeHeader:
                        labelValue: South
                        primaryLabelValue: South
                    - attributeHeader:
                        labelValue: West
                        primaryLabelValue: West
                    - attributeHeader:
                        labelValue: Midwest
                        primaryLabelValue: Midwest
                    - attributeHeader:
                        labelValue: Northeast
                        primaryLabelValue: Northeast
                    - attributeHeader:
                        labelValue: South
                        primaryLabelValue: South
                    - attributeHeader:
                        labelValue: West
                        primaryLabelValue: West
                    - attributeHeader:
                        labelValue: Midwest
                        primaryLabelValue: Midwest
                    - attributeHeader:
                        labelValue: Northeast
                        primaryLabelValue: Northeast
                    - attributeHeader:
                        labelValue: South
                        primaryLabelValue: South
                    - attributeHeader:
                        labelValue: West
                        primaryLabelValue: West
          grandTotals: []
          paging:
            count:
              - 17
            offset:
              - 0
            total:
              - 17
          metadata:
            dataSourceMessages: []
