# (C) 2026 GoodData Corporation
version: 1
interactions:
  - request:
      method: POST
      uri: http://localhost:3000/api/v1/actions/workspaces/demo/execution/afm/execute
      body:
        execution:
          attributes: []
          filters: []
          measures:
            - definition:
                measure:
                  item:
                    identifier:
                      id: price
                      type: fact
                  aggregation: SUM
                  computeRatio: false
                  filters: []
              localIdentifier: 27c4b665b9d047b1a66a149714f1c596
        resultSpec:
          dimensions:
            - itemIdentifiers:
                - measureGroup
              localIdentifier: dim_0
      headers:
        Accept:
          - application/json
        Accept-Encoding:
          - br, gzip, deflate
        Content-Type:
          - application/json
        X-GDC-VALIDATE-RELATIONS:
          - 'true'
        X-Requested-With:
          - XMLHttpRequest
    response:
      status:
        code: 200
        message: OK
      headers:
        Cache-Control:
          - no-cache, no-store, max-age=0, must-revalidate
        Content-Length:
          - '295'
        Content-Type:
          - application/json
        DATE: &id001
          - PLACEHOLDER
        Expires:
          - '0'
        Pragma:
          - no-cache
        Referrer-Policy:
          - no-referrer
        Vary:
          - Origin
          - Access-Control-Request-Method
          - Access-Control-Request-Headers
        X-Content-Type-Options:
          - nosniff
        X-Gdc-Cancel-Token:
          - 5829860d-042f-4c61-abd1-985973c43081
        X-GDC-TRACE-ID: *id001
        X-Xss-Protection:
          - '0'
      body:
        string:
          executionResponse:
            dimensions:
              - headers:
                  - measureGroupHeaders:
                      - localIdentifier: 27c4b665b9d047b1a66a149714f1c596
                localIdentifier: dim_0
            links:
              executionResult: 11b4f7de55bcc7cec60351816f1f56f55b34c89d:1cdb7da794f0f353a2cdb11ab9b49fe2149700ea891df3db44893d0b7e43274e
  - request:
      method: GET
      uri: http://localhost:3000/api/v1/actions/workspaces/demo/execution/afm/execute/result/11b4f7de55bcc7cec60351816f1f56f55b34c89d%3A1cdb7da794f0f353a2cdb11ab9b49fe2149700ea891df3db44893d0b7e43274e?offset=0&limit=1
      body: null
      headers:
        Accept:
          - application/json
        Accept-Encoding:
          - br, gzip, deflate
        X-GDC-VALIDATE-RELATIONS:
          - 'true'
        X-Requested-With:
          - XMLHttpRequest
    response:
      status:
        code: 200
        message: OK
      headers:
        Cache-Control:
          - no-cache, no-store, max-age=0, must-revalidate
        Content-Length:
          - '213'
        Content-Type:
          - application/json
        DATE: *id001
        Expires:
          - '0'
        Pragma:
          - no-cache
        Referrer-Policy:
          - no-referrer
        Vary:
          - Origin
          - Access-Control-Request-Method
          - Access-Control-Request-Headers
        X-Content-Type-Options:
          - nosniff
        X-GDC-TRACE-ID: *id001
        X-Xss-Protection:
          - '0'
      body:
        string:
          data:
            - 430464.45
          dimensionHeaders:
            - headerGroups:
                - headers:
                    - measureHeader:
                        measureIndex: 0
          grandTotals: []
          paging:
            count:
              - 1
            offset:
              - 0
            total:
              - 1
          metadata:
            dataSourceMessages: []
  - request:
      method: POST
      uri: http://localhost:3000/api/v1/actions/workspaces/demo/execution/afm/execute
      body:
        execution:
          attributes: []
          filters:
            - positiveAttributeFilter:
                in:
                  values:
                    - Unknown
                label:
                  identifier:
                    id: region
                    type: label
          measures:
            - definition:
                measure:
                  item:
                    identifier:
                      id: price
                      type: fact
                  aggregation: SUM
                  computeRatio: false
                  filters: []
              localIdentifier: 27c4b665b9d047b1a66a149714f1c596
        resultSpec:
          dimensions:
            - itemIdentifiers:
                - measureGroup
              localIdentifier: dim_0
      headers:
        Accept:
          - application/json
        Accept-Encoding:
          - br, gzip, deflate
        Content-Type:
          - application/json
        X-GDC-VALIDATE-RELATIONS:
          - 'true'
        X-Requested-With:
          - XMLHttpRequest
    response:
      status:
        code: 200
        message: OK
      headers:
        Cache-Control:
          - no-cache, no-store, max-age=0, must-revalidate
        Content-Length:
          - '295'
        Content-Type:
          - application/json
        DATE: *id001
        Expires:
          - '0'
        Pragma:
          - no-cache
        Referrer-Policy:
          - no-referrer
        Vary:
          - Origin
          - Access-Control-Request-Method
          - Access-Control-Request-Headers
        X-Content-Type-Options:
          - nosniff
        X-Gdc-Cancel-Token:
          - f0f28a20-e648-4baa-8e78-e195d1d833c8
        X-GDC-TRACE-ID: *id001
        X-Xss-Protection:
          - '0'
      body:
        string:
          executionResponse:
            dimensions:
              - headers:
                  - measureGroupHeaders:
                      - localIdentifier: 27c4b665b9d047b1a66a149714f1c596
                localIdentifier: dim_0
            links:
              executionResult: 58e06b27f86d820f1740025a91f64a400260390f:3cd9db52524fb227e078a94f05466ad67bd8e9e9ae9354b42866e9d96c2b130d
  - request:
      method: GET
      uri: http://localhost:3000/api/v1/actions/workspaces/demo/execution/afm/execute/result/58e06b27f86d820f1740025a91f64a400260390f%3A3cd9db52524fb227e078a94f05466ad67bd8e9e9ae9354b42866e9d96c2b130d?offset=0&limit=1
      body: null
      headers:
        Accept:
          - application/json
        Accept-Encoding:
          - br, gzip, deflate
        X-GDC-VALIDATE-RELATIONS:
          - 'true'
        X-Requested-With:
          - XMLHttpRequest
    response:
      status:
        code: 200
        message: OK
      headers:
        Cache-Control:
          - no-cache, no-store, max-age=0, must-revalidate
        Content-Length:
          - '208'
        Content-Type:
          - application/json
        DATE: *id001
        Expires:
          - '0'
        Pragma:
          - no-cache
        Referrer-Policy:
          - no-referrer
        Vary:
          - Origin
          - Access-Control-Request-Method
          - Access-Control-Request-Headers
        X-Content-Type-Options:
          - nosniff
        X-GDC-TRACE-ID: *id001
        X-Xss-Protection:
          - '0'
      body:
        string:
          data:
            - 18.7
          dimensionHeaders:
            - headerGroups:
                - headers:
                    - measureHeader:
                        measureIndex: 0
          grandTotals: []
          paging:
            count:
              - 1
            offset:
              - 0
            total:
              - 1
          metadata:
            dataSourceMessages: []
