# (C) 2025 GoodData Corporation
version: 1
interactions:
  - request:
      method: GET
      uri: http://localhost:3000/api/v1/layout/workspaces/demo_west/permissions
      body: null
      headers:
        Accept:
          - application/json
        Accept-Encoding:
          - br, gzip, deflate
        X-GDC-VALIDATE-RELATIONS:
          - 'true'
        X-Requested-With:
          - XMLHttpRequest
    response:
      status:
        code: 200
        message: OK
      headers:
        Cache-Control:
          - no-cache, no-store, max-age=0, must-revalidate
        Content-Length:
          - '44'
        Content-Type:
          - application/json
        DATE: &id001
          - PLACEHOLDER
        Expires:
          - '0'
        Pragma:
          - no-cache
        Referrer-Policy:
          - no-referrer
        Vary:
          - Origin
          - Access-Control-Request-Method
          - Access-Control-Request-Headers
        X-Content-Type-Options:
          - nosniff
        X-GDC-TRACE-ID: *id001
        X-Xss-Protection:
          - '0'
      body:
        string:
          hierarchyPermissions: []
          permissions: []
  - request:
      method: PUT
      uri: http://localhost:3000/api/v1/layout/workspaces/demo_west/permissions
      body:
        permissions:
          - assignee:
              id: demo2
              type: user
            name: ANALYZE
          - assignee:
              id: demoGroup
              type: userGroup
            name: VIEW
        hierarchyPermissions:
          - assignee:
              id: demo2
              type: user
            name: MANAGE
          - assignee:
              id: demoGroup
              type: userGroup
            name: ANALYZE
      headers:
        Accept-Encoding:
          - br, gzip, deflate
        Content-Type:
          - application/json
        X-GDC-VALIDATE-RELATIONS:
          - 'true'
        X-Requested-With:
          - XMLHttpRequest
    response:
      status:
        code: 204
        message: No Content
      headers:
        Cache-Control:
          - no-cache, no-store, max-age=0, must-revalidate
        DATE: *id001
        Expires:
          - '0'
        Pragma:
          - no-cache
        Referrer-Policy:
          - no-referrer
        Vary:
          - Origin
          - Access-Control-Request-Method
          - Access-Control-Request-Headers
        X-Content-Type-Options:
          - nosniff
        X-GDC-TRACE-ID: *id001
        X-Xss-Protection:
          - '0'
      body:
        string: ''
  - request:
      method: GET
      uri: http://localhost:3000/api/v1/layout/workspaces/demo_west/permissions
      body: null
      headers:
        Accept:
          - application/json
        Accept-Encoding:
          - br, gzip, deflate
        X-GDC-VALIDATE-RELATIONS:
          - 'true'
        X-Requested-With:
          - XMLHttpRequest
    response:
      status:
        code: 200
        message: OK
      headers:
        Cache-Control:
          - no-cache, no-store, max-age=0, must-revalidate
        Content-Length:
          - '292'
        Content-Type:
          - application/json
        DATE: *id001
        Expires:
          - '0'
        Pragma:
          - no-cache
        Referrer-Policy:
          - no-referrer
        Vary:
          - Origin
          - Access-Control-Request-Method
          - Access-Control-Request-Headers
        X-Content-Type-Options:
          - nosniff
        X-GDC-TRACE-ID: *id001
        X-Xss-Protection:
          - '0'
      body:
        string:
          hierarchyPermissions:
            - assignee:
                id: demo2
                type: user
              name: MANAGE
            - assignee:
                id: demoGroup
                type: userGroup
              name: ANALYZE
          permissions:
            - assignee:
                id: demo2
                type: user
              name: ANALYZE
            - assignee:
                id: demoGroup
                type: userGroup
              name: VIEW
  - request:
      method: PUT
      uri: http://localhost:3000/api/v1/layout/workspaces/demo_west/permissions
      body:
        permissions: []
        hierarchyPermissions: []
      headers:
        Accept-Encoding:
          - br, gzip, deflate
        Content-Type:
          - application/json
        X-GDC-VALIDATE-RELATIONS:
          - 'true'
        X-Requested-With:
          - XMLHttpRequest
    response:
      status:
        code: 204
        message: No Content
      headers:
        Cache-Control:
          - no-cache, no-store, max-age=0, must-revalidate
        DATE: *id001
        Expires:
          - '0'
        Pragma:
          - no-cache
        Referrer-Policy:
          - no-referrer
        Vary:
          - Origin
          - Access-Control-Request-Method
          - Access-Control-Request-Headers
        X-Content-Type-Options:
          - nosniff
        X-GDC-TRACE-ID: *id001
        X-Xss-Protection:
          - '0'
      body:
        string: ''
  - request:
      method: GET
      uri: http://localhost:3000/api/v1/layout/workspaces/demo_west/permissions
      body: null
      headers:
        Accept:
          - application/json
        Accept-Encoding:
          - br, gzip, deflate
        X-GDC-VALIDATE-RELATIONS:
          - 'true'
        X-Requested-With:
          - XMLHttpRequest
    response:
      status:
        code: 200
        message: OK
      headers:
        Cache-Control:
          - no-cache, no-store, max-age=0, must-revalidate
        Content-Length:
          - '44'
        Content-Type:
          - application/json
        DATE: *id001
        Expires:
          - '0'
        Pragma:
          - no-cache
        Referrer-Policy:
          - no-referrer
        Vary:
          - Origin
          - Access-Control-Request-Method
          - Access-Control-Request-Headers
        X-Content-Type-Options:
          - nosniff
        X-GDC-TRACE-ID: *id001
        X-Xss-Protection:
          - '0'
      body:
        string:
          hierarchyPermissions: []
          permissions: []
