# (C) 2025 GoodData Corporation
version: 1
interactions:
  - request:
      method: POST
      uri: http://localhost:3000/api/v1/actions/workspaces/demo/execution/afm/execute
      body:
        execution:
          attributes:
            - label:
                identifier:
                  id: products.category
                  type: label
              localIdentifier: c1240b6ba5cdafa4dd2ef1c728f0cffa
            - label:
                identifier:
                  id: region
                  type: label
              localIdentifier: 2660733dfc018f739b0d142f19af7126
          filters:
            - positiveAttributeFilter:
                in:
                  values:
                    - Midwest
                label:
                  identifier:
                    id: region
                    type: label
            - positiveAttributeFilter:
                in:
                  values:
                    - Midwest
                label:
                  identifier:
                    id: region
                    type: label
            - positiveAttributeFilter:
                in:
                  values:
                    - Midwest
                label:
                  identifier:
                    id: region
                    type: label
            - positiveAttributeFilter:
                in:
                  values:
                    - Clothing
                label:
                  identifier:
                    id: products.category
                    type: label
            - comparisonMeasureValueFilter:
                measure:
                  localIdentifier: 27c4b665b9d047b1a66a149714f1c596
                operator: GREATER_THAN
                value: 100.0
          measures:
            - definition:
                measure:
                  item:
                    identifier:
                      id: price
                      type: fact
                  aggregation: SUM
                  computeRatio: false
                  filters: []
              localIdentifier: 27c4b665b9d047b1a66a149714f1c596
            - definition:
                measure:
                  item:
                    identifier:
                      id: quantity
                      type: fact
                  aggregation: SUM
                  computeRatio: false
                  filters: []
              localIdentifier: 7b4d783eae87de9dc8b1830a5c901494
        resultSpec:
          dimensions:
            - itemIdentifiers:
                - measureGroup
              localIdentifier: dim_0
            - itemIdentifiers:
                - c1240b6ba5cdafa4dd2ef1c728f0cffa
                - 2660733dfc018f739b0d142f19af7126
              localIdentifier: dim_1
      headers:
        Accept:
          - application/json
        Accept-Encoding:
          - br, gzip, deflate
        Content-Type:
          - application/json
        X-GDC-VALIDATE-RELATIONS:
          - 'true'
        X-Requested-With:
          - XMLHttpRequest
    response:
      status:
        code: 200
        message: OK
      headers:
        Access-Control-Allow-Credentials:
          - 'true'
        Access-Control-Expose-Headers:
          - Content-Disposition, Content-Length, Content-Range, Set-Cookie
        Cache-Control:
          - no-cache, no-store, max-age=0, must-revalidate
        Connection:
          - keep-alive
        Content-Security-Policy:
          - 'default-src ''self'' *.wistia.com *.wistia.net; script-src ''self'' ''unsafe-inline''
            ''unsafe-eval'' *.wistia.com *.wistia.net *.hsforms.net *.hsforms.com
            src.litix.io matomo.anywhere.gooddata.com *.jquery.com unpkg.com cdnjs.cloudflare.com;
            img-src * data: blob:; style-src ''self'' ''unsafe-inline'' fonts.googleapis.com
            cdn.jsdelivr.net fast.fonts.net; font-src ''self'' data: fonts.gstatic.com
            *.alicdn.com *.wistia.com cdn.jsdelivr.net info.gooddata.com; frame-src
            ''self'' *.hsforms.net *.hsforms.com; object-src ''none''; worker-src
            ''self'' blob:; child-src blob:; connect-src ''self'' *.tiles.mapbox.com
            *.mapbox.com *.litix.io *.wistia.com *.hsforms.net *.hsforms.com embedwistia-a.akamaihd.net
            matomo.anywhere.gooddata.com; media-src ''self'' blob: data: *.wistia.com
            *.wistia.net embedwistia-a.akamaihd.net'
        Content-Type:
          - application/json
        DATE: &id001
          - PLACEHOLDER
        Expires:
          - '0'
        GoodData-Deployment:
          - aio
        Permission-Policy:
          - geolocation 'none'; midi 'none'; sync-xhr 'none'; microphone 'none'; camera
            'none'; magnetometer 'none'; gyroscope 'none'; fullscreen 'none'; payment
            'none';
        Pragma:
          - no-cache
        Referrer-Policy:
          - no-referrer
        Server:
          - nginx
        Transfer-Encoding:
          - chunked
        Vary:
          - Origin
          - Access-Control-Request-Method
          - Access-Control-Request-Headers
        X-Content-Type-Options:
          - nosniff
        X-GDC-CANCEL-TOKEN:
          - de57538f-f7a2-4072-a4a4-75ebbef7d249
        X-GDC-TRACE-ID: *id001
        X-XSS-Protection:
          - '0'
        content-length:
          - '1009'
      body:
        string:
          executionResponse:
            dimensions:
              - headers:
                  - measureGroupHeaders:
                      - localIdentifier: 27c4b665b9d047b1a66a149714f1c596
                      - localIdentifier: 7b4d783eae87de9dc8b1830a5c901494
                localIdentifier: dim_0
              - headers:
                  - attributeHeader:
                      localIdentifier: c1240b6ba5cdafa4dd2ef1c728f0cffa
                      label:
                        id: products.category
                        type: label
                      labelName: Category
                      attribute:
                        id: products.category
                        type: attribute
                      attributeName: Category
                      granularity: null
                      primaryLabel:
                        id: products.category
                        type: label
                      valueType: TEXT
                  - attributeHeader:
                      localIdentifier: 2660733dfc018f739b0d142f19af7126
                      label:
                        id: region
                        type: label
                      labelName: Region
                      attribute:
                        id: region
                        type: attribute
                      attributeName: Region
                      granularity: null
                      primaryLabel:
                        id: region
                        type: label
                      valueType: TEXT
                localIdentifier: dim_1
            links:
              executionResult: 45a4bf7bc3d37e308e3427aff225ed5870dc4520:e370614964ebd9ab91db5a1f32ac7704da11d7f71f6e6f76337fe9d884ddab71
  - request:
      method: GET
      uri: http://localhost:3000/api/v1/entities/workspaces/demo/attributes?include=labels%2Cdatasets&filter=labels.id%3Din%3D%28products.category%2Cregion%29&page=0&size=500
      body: null
      headers:
        Accept:
          - application/vnd.gooddata.api+json
        Accept-Encoding:
          - br, gzip, deflate
        X-GDC-VALIDATE-RELATIONS:
          - 'true'
        X-Requested-With:
          - XMLHttpRequest
    response:
      status:
        code: 200
        message: OK
      headers:
        Access-Control-Allow-Credentials:
          - 'true'
        Access-Control-Expose-Headers:
          - Content-Disposition, Content-Length, Content-Range, Set-Cookie
        Cache-Control:
          - no-cache, no-store, max-age=0, must-revalidate
        Connection:
          - keep-alive
        Content-Length:
          - '2689'
        Content-Security-Policy:
          - 'default-src ''self'' *.wistia.com *.wistia.net; script-src ''self'' ''unsafe-inline''
            ''unsafe-eval'' *.wistia.com *.wistia.net *.hsforms.net *.hsforms.com
            src.litix.io matomo.anywhere.gooddata.com *.jquery.com unpkg.com cdnjs.cloudflare.com;
            img-src * data: blob:; style-src ''self'' ''unsafe-inline'' fonts.googleapis.com
            cdn.jsdelivr.net fast.fonts.net; font-src ''self'' data: fonts.gstatic.com
            *.alicdn.com *.wistia.com cdn.jsdelivr.net info.gooddata.com; frame-src
            ''self'' *.hsforms.net *.hsforms.com; object-src ''none''; worker-src
            ''self'' blob:; child-src blob:; connect-src ''self'' *.tiles.mapbox.com
            *.mapbox.com *.litix.io *.wistia.com *.hsforms.net *.hsforms.com embedwistia-a.akamaihd.net
            matomo.anywhere.gooddata.com; media-src ''self'' blob: data: *.wistia.com
            *.wistia.net embedwistia-a.akamaihd.net'
        Content-Type:
          - application/vnd.gooddata.api+json
        DATE: *id001
        Expires:
          - '0'
        GoodData-Deployment:
          - aio
        Permission-Policy:
          - geolocation 'none'; midi 'none'; sync-xhr 'none'; microphone 'none'; camera
            'none'; magnetometer 'none'; gyroscope 'none'; fullscreen 'none'; payment
            'none';
        Pragma:
          - no-cache
        Referrer-Policy:
          - no-referrer
        Server:
          - nginx
        Vary:
          - Origin
          - Access-Control-Request-Method
          - Access-Control-Request-Headers
        X-Content-Type-Options:
          - nosniff
        X-GDC-TRACE-ID: *id001
        X-XSS-Protection:
          - '0'
      body:
        string:
          data:
            - id: products.category
              type: attribute
              attributes:
                title: Category
                description: Category
                tags:
                  - Products
                areRelationsValid: true
                sourceColumn: category
                sourceColumnDataType: STRING
              relationships:
                dataset:
                  data:
                    id: products
                    type: dataset
                labels:
                  data:
                    - id: products.category
                      type: label
              links:
                self: http://localhost:3000/api/v1/entities/workspaces/demo/attributes/products.category
              meta:
                origin:
                  originType: NATIVE
                  originId: demo
            - id: region
              type: attribute
              attributes:
                title: Region
                description: Region
                tags:
                  - Customers
                areRelationsValid: true
                sourceColumn: region
                sourceColumnDataType: STRING
              relationships:
                dataset:
                  data:
                    id: customers
                    type: dataset
                labels:
                  data:
                    - id: region
                      type: label
              links:
                self: http://localhost:3000/api/v1/entities/workspaces/demo/attributes/region
              meta:
                origin:
                  originType: NATIVE
                  originId: demo
          included:
            - id: customers
              type: dataset
              attributes:
                title: Customers
                description: Customers
                tags:
                  - Customers
                grain:
                  - id: customer_id
                    type: attribute
                dataSourceTableId: demo-test-ds:customers
                dataSourceTablePath:
                  - demo
                  - customers
                type: NORMAL
              links:
                self: http://localhost:3000/api/v1/entities/workspaces/demo/datasets/customers
            - id: region
              type: label
              attributes:
                title: Region
                description: Region
                tags:
                  - Customers
                primary: true
                sourceColumn: region
                sourceColumnDataType: STRING
                valueType: TEXT
              links:
                self: http://localhost:3000/api/v1/entities/workspaces/demo/labels/region
            - id: products.category
              type: label
              attributes:
                title: Category
                description: Category
                tags:
                  - Products
                primary: true
                sourceColumn: category
                sourceColumnDataType: STRING
                valueType: TEXT
              links:
                self: http://localhost:3000/api/v1/entities/workspaces/demo/labels/products.category
            - id: products
              type: dataset
              attributes:
                title: Products
                description: Products
                tags:
                  - Products
                grain:
                  - id: product_id
                    type: attribute
                dataSourceTableId: demo-test-ds:products
                dataSourceTablePath:
                  - demo
                  - products
                type: NORMAL
              links:
                self: http://localhost:3000/api/v1/entities/workspaces/demo/datasets/products
          links:
            self: http://localhost:3000/api/v1/entities/workspaces/demo/attributes?include=labels%2Cdatasets&filter=labels.id%3Din%3D%28%27products.category%27%2C%27region%27%29&page=0&size=500
            next: http://localhost:3000/api/v1/entities/workspaces/demo/attributes?include=labels%2Cdatasets&filter=labels.id%3Din%3D%28%27products.category%27%2C%27region%27%29&page=1&size=500
  - request:
      method: GET
      uri: http://localhost:3000/api/v1/actions/workspaces/demo/execution/afm/execute/result/45a4bf7bc3d37e308e3427aff225ed5870dc4520%3Ae370614964ebd9ab91db5a1f32ac7704da11d7f71f6e6f76337fe9d884ddab71?offset=0%2C0&limit=2%2C1000
      body: null
      headers:
        Accept:
          - application/json
        Accept-Encoding:
          - br, gzip, deflate
        X-GDC-VALIDATE-RELATIONS:
          - 'true'
        X-Requested-With:
          - XMLHttpRequest
    response:
      status:
        code: 200
        message: OK
      headers:
        Access-Control-Allow-Credentials:
          - 'true'
        Access-Control-Expose-Headers:
          - Content-Disposition, Content-Length, Content-Range, Set-Cookie
        Cache-Control:
          - no-cache, no-store, max-age=0, must-revalidate
        Connection:
          - keep-alive
        Content-Security-Policy:
          - 'default-src ''self'' *.wistia.com *.wistia.net; script-src ''self'' ''unsafe-inline''
            ''unsafe-eval'' *.wistia.com *.wistia.net *.hsforms.net *.hsforms.com
            src.litix.io matomo.anywhere.gooddata.com *.jquery.com unpkg.com cdnjs.cloudflare.com;
            img-src * data: blob:; style-src ''self'' ''unsafe-inline'' fonts.googleapis.com
            cdn.jsdelivr.net fast.fonts.net; font-src ''self'' data: fonts.gstatic.com
            *.alicdn.com *.wistia.com cdn.jsdelivr.net info.gooddata.com; frame-src
            ''self'' *.hsforms.net *.hsforms.com; object-src ''none''; worker-src
            ''self'' blob:; child-src blob:; connect-src ''self'' *.tiles.mapbox.com
            *.mapbox.com *.litix.io *.wistia.com *.hsforms.net *.hsforms.com embedwistia-a.akamaihd.net
            matomo.anywhere.gooddata.com; media-src ''self'' blob: data: *.wistia.com
            *.wistia.net embedwistia-a.akamaihd.net'
        Content-Type:
          - application/json
        DATE: *id001
        Expires:
          - '0'
        GoodData-Deployment:
          - aio
        Permission-Policy:
          - geolocation 'none'; midi 'none'; sync-xhr 'none'; microphone 'none'; camera
            'none'; magnetometer 'none'; gyroscope 'none'; fullscreen 'none'; payment
            'none';
        Pragma:
          - no-cache
        Referrer-Policy:
          - no-referrer
        Server:
          - nginx
        Transfer-Encoding:
          - chunked
        Vary:
          - Origin
          - Access-Control-Request-Method
          - Access-Control-Request-Headers
        X-Content-Type-Options:
          - nosniff
        X-GDC-TRACE-ID: *id001
        X-XSS-Protection:
          - '0'
        content-length:
          - '463'
      body:
        string:
          data:
            - - 16870.6
            - - 763.0
          dimensionHeaders:
            - headerGroups:
                - headers:
                    - measureHeader:
                        measureIndex: 0
                    - measureHeader:
                        measureIndex: 1
            - headerGroups:
                - headers:
                    - attributeHeader:
                        labelValue: Clothing
                        primaryLabelValue: Clothing
                - headers:
                    - attributeHeader:
                        labelValue: Midwest
                        primaryLabelValue: Midwest
          grandTotals: []
          paging:
            count:
              - 2
              - 1
            offset:
              - 0
              - 0
            total:
              - 2
              - 1
          metadata:
            dataSourceMessages: []
