# (C) 2025 GoodData Corporation
version: 1
interactions:
  - request:
      method: GET
      uri: http://localhost:3000/api/v1/layout/dataSources
      body: null
      headers:
        Accept:
          - application/json
        Accept-Encoding:
          - br, gzip, deflate
        X-GDC-VALIDATE-RELATIONS:
          - 'true'
        X-Requested-With:
          - XMLHttpRequest
    response:
      status:
        code: 200
        message: OK
      headers:
        Cache-Control:
          - no-cache, no-store, max-age=0, must-revalidate
        Content-Length:
          - '359'
        Content-Type:
          - application/json
        DATE: &id001
          - PLACEHOLDER
        Expires:
          - '0'
        Pragma:
          - no-cache
        Referrer-Policy:
          - no-referrer
        Vary:
          - Origin
          - Access-Control-Request-Method
          - Access-Control-Request-Headers
        X-Content-Type-Options:
          - nosniff
        X-GDC-TRACE-ID: *id001
        X-Xss-Protection:
          - '0'
      body:
        string:
          dataSources:
            - authenticationType: USERNAME_PASSWORD
              id: demo-test-ds
              name: demo-test-ds
              permissions:
                - assignee:
                    id: demo2
                    type: user
                  name: MANAGE
                - assignee:
                    id: demoGroup
                    type: userGroup
                  name: USE
              schema: demo
              type: POSTGRESQL
              url: jdbc:postgresql://postgres:5432/tiger?sslmode=prefer
              username: postgres
  - request:
      method: POST
      uri: http://localhost:3000/api/v1/actions/dataSource/test
      body:
        type: POSTGRESQL
        url: jdbc:postgresql://postgres:5432/tiger?sslmode=prefer
        schema: demo
        username: postgres
      headers:
        Accept:
          - application/json
        Accept-Encoding:
          - br, gzip, deflate
        Content-Type:
          - application/json
        X-GDC-VALIDATE-RELATIONS:
          - 'true'
        X-Requested-With:
          - XMLHttpRequest
    response:
      status:
        code: 200
        message: OK
      headers:
        Cache-Control:
          - no-cache, no-store, max-age=0, must-revalidate
        Content-Length:
          - '274'
        Content-Type:
          - application/json
        DATE: *id001
        Expires:
          - '0'
        Pragma:
          - no-cache
        Referrer-Policy:
          - no-referrer
        Vary:
          - Origin
          - Access-Control-Request-Method
          - Access-Control-Request-Headers
        X-Content-Type-Options:
          - nosniff
        X-GDC-TRACE-ID: *id001
        X-Xss-Protection:
          - '0'
      body:
        string:
          error: 'DB request exception (state=GENERAL_ERROR dataSourceId=null vendorErrorState=GENERAL_ERROR
            vendorErrorCode=3) General errororg.postgresql.util.PSQLException: The
            server requested SCRAM-based authentication, but the password is an empty
            string.'
          successful: false
  - request:
      method: POST
      uri: http://localhost:3000/api/v1/actions/dataSource/test
      body:
        type: POSTGRESQL
        url: jdbc:postgresql://postgres:5432/tiger?sslmode=prefer
        schema: demo
        password: passw0rd
        username: postgres
      headers:
        Accept:
          - application/json
        Accept-Encoding:
          - br, gzip, deflate
        Content-Type:
          - application/json
        X-GDC-VALIDATE-RELATIONS:
          - 'true'
        X-Requested-With:
          - XMLHttpRequest
    response:
      status:
        code: 200
        message: OK
      headers:
        Cache-Control:
          - no-cache, no-store, max-age=0, must-revalidate
        Content-Length:
          - '81'
        Content-Type:
          - application/json
        DATE: *id001
        Expires:
          - '0'
        Pragma:
          - no-cache
        Referrer-Policy:
          - no-referrer
        Vary:
          - Origin
          - Access-Control-Request-Method
          - Access-Control-Request-Headers
        X-Content-Type-Options:
          - nosniff
        X-GDC-TRACE-ID: *id001
        X-Xss-Protection:
          - '0'
      body:
        string:
          queryDurationMillis:
            createCacheTable: 0
            simpleSelect: 4
          successful: true
