# (C) 2026 GoodData Corporation
version: 1
interactions:
  - request:
      method: GET
      uri: http://localhost:3000/api/v1/entities/dataSources/test
      body: null
      headers:
        Accept:
          - application/json
        Accept-Encoding:
          - br, gzip, deflate
        X-GDC-VALIDATE-RELATIONS:
          - 'true'
        X-Requested-With:
          - XMLHttpRequest
    response:
      status:
        code: 404
        message: Not Found
      headers:
        Cache-Control:
          - no-cache, no-store, max-age=0, must-revalidate
        Content-Length:
          - '172'
        Content-Type:
          - application/problem+json
        DATE: &id001
          - PLACEHOLDER
        Expires:
          - '0'
        Pragma:
          - no-cache
        Referrer-Policy:
          - no-referrer
        Vary:
          - Origin
          - Access-Control-Request-Method
          - Access-Control-Request-Headers
        X-Content-Type-Options:
          - nosniff
        X-GDC-TRACE-ID: *id001
        X-Xss-Protection:
          - '0'
      body:
        string:
          detail: The requested endpoint does not exist or you do not have permission
            to access it.
          status: 404
          title: Not Found
          traceId: 7f546aeaa7efbd57a9d8254b888b8330
  - request:
      method: POST
      uri: http://localhost:3000/api/v1/entities/dataSources
      body:
        data:
          attributes:
            name: Test2
            schema: demo
            type: REDSHIFT
            username: demouser
            password: demopass
            url: jdbc:redshift://aws.endpoint:5439/demo?autosave=true
          id: test
          type: dataSource
      headers:
        Accept:
          - application/json
        Accept-Encoding:
          - br, gzip, deflate
        Content-Type:
          - application/json
        X-GDC-VALIDATE-RELATIONS:
          - 'true'
        X-Requested-With:
          - XMLHttpRequest
    response:
      status:
        code: 201
        message: Created
      headers:
        Cache-Control:
          - no-cache, no-store, max-age=0, must-revalidate
        Content-Length:
          - '304'
        Content-Type:
          - application/json
        DATE: *id001
        Expires:
          - '0'
        Pragma:
          - no-cache
        Referrer-Policy:
          - no-referrer
        Vary:
          - Origin
          - Access-Control-Request-Method
          - Access-Control-Request-Headers
        X-Content-Type-Options:
          - nosniff
        X-GDC-TRACE-ID: *id001
        X-Xss-Protection:
          - '0'
      body:
        string:
          data:
            id: test
            type: dataSource
            attributes:
              url: jdbc:redshift://aws.endpoint:5439/demo?autosave=true
              username: demouser
              authenticationType: USERNAME_PASSWORD
              name: Test2
              type: REDSHIFT
              schema: demo
          links:
            self: http://localhost:3000/api/v1/entities/dataSources/test
  - request:
      method: GET
      uri: http://localhost:3000/api/v1/entities/dataSources/test
      body: null
      headers:
        Accept:
          - application/json
        Accept-Encoding:
          - br, gzip, deflate
        X-GDC-VALIDATE-RELATIONS:
          - 'true'
        X-Requested-With:
          - XMLHttpRequest
    response:
      status:
        code: 200
        message: OK
      headers:
        Cache-Control:
          - no-cache, no-store, max-age=0, must-revalidate
        Content-Length:
          - '304'
        Content-Type:
          - application/json
        DATE: *id001
        Expires:
          - '0'
        Pragma:
          - no-cache
        Referrer-Policy:
          - no-referrer
        Vary:
          - Origin
          - Access-Control-Request-Method
          - Access-Control-Request-Headers
        X-Content-Type-Options:
          - nosniff
        X-GDC-TRACE-ID: *id001
        X-Xss-Protection:
          - '0'
      body:
        string:
          data:
            id: test
            type: dataSource
            attributes:
              url: jdbc:redshift://aws.endpoint:5439/demo?autosave=true
              username: demouser
              authenticationType: USERNAME_PASSWORD
              name: Test2
              type: REDSHIFT
              schema: demo
          links:
            self: http://localhost:3000/api/v1/entities/dataSources/test
  - request:
      method: DELETE
      uri: http://localhost:3000/api/v1/entities/dataSources/test
      body: null
      headers:
        Accept-Encoding:
          - br, gzip, deflate
        X-GDC-VALIDATE-RELATIONS:
          - 'true'
        X-Requested-With:
          - XMLHttpRequest
    response:
      status:
        code: 204
        message: No Content
      headers:
        Cache-Control:
          - no-cache, no-store, max-age=0, must-revalidate
        Content-Type:
          - application/vnd.gooddata.api+json
        DATE: *id001
        Expires:
          - '0'
        Pragma:
          - no-cache
        Referrer-Policy:
          - no-referrer
        Vary:
          - Origin
          - Access-Control-Request-Method
          - Access-Control-Request-Headers
        X-Content-Type-Options:
          - nosniff
        X-GDC-TRACE-ID: *id001
        X-Xss-Protection:
          - '0'
      body:
        string: ''
