# (C) 2026 GoodData Corporation
version: 1
interactions:
  - request:
      method: GET
      uri: http://localhost:3000/api/v1/entities/workspaces/demo/workspaceSettings/test_setting
      body: null
      headers:
        Accept:
          - application/json
        Accept-Encoding:
          - br, gzip, deflate
        X-GDC-VALIDATE-RELATIONS:
          - 'true'
        X-Requested-With:
          - XMLHttpRequest
    response:
      status:
        code: 404
        message: Not Found
      headers:
        Cache-Control:
          - no-cache, no-store, max-age=0, must-revalidate
        Content-Length:
          - '172'
        Content-Type:
          - application/problem+json
        DATE: &id001
          - PLACEHOLDER
        Expires:
          - '0'
        Pragma:
          - no-cache
        Referrer-Policy:
          - no-referrer
        Vary:
          - Origin
          - Access-Control-Request-Method
          - Access-Control-Request-Headers
        X-Content-Type-Options:
          - nosniff
        X-GDC-TRACE-ID: *id001
        X-Xss-Protection:
          - '0'
      body:
        string:
          detail: The requested endpoint does not exist or you do not have permission
            to access it.
          status: 404
          title: Not Found
          traceId: 213a5e0540fce08920b16f57bbbf48d8
  - request:
      method: POST
      uri: http://localhost:3000/api/v1/entities/workspaces/demo/workspaceSettings
      body:
        data:
          type: workspaceSetting
          id: test_setting
          attributes:
            content:
              value: fr-FR
            type: LOCALE
      headers:
        Accept:
          - application/json
        Accept-Encoding:
          - br, gzip, deflate
        Content-Type:
          - application/json
        X-GDC-VALIDATE-RELATIONS:
          - 'true'
        X-Requested-With:
          - XMLHttpRequest
    response:
      status:
        code: 201
        message: Created
      headers:
        Cache-Control:
          - no-cache, no-store, max-age=0, must-revalidate
        Content-Length:
          - '279'
        Content-Type:
          - application/json
        DATE: *id001
        Expires:
          - '0'
        Pragma:
          - no-cache
        Referrer-Policy:
          - no-referrer
        Vary:
          - Origin
          - Access-Control-Request-Method
          - Access-Control-Request-Headers
        X-Content-Type-Options:
          - nosniff
        X-GDC-TRACE-ID: *id001
        X-Xss-Protection:
          - '0'
      body:
        string:
          data:
            id: test_setting
            type: workspaceSetting
            attributes:
              content:
                value: fr-FR
              type: LOCALE
            meta:
              origin:
                originType: NATIVE
                originId: demo
          links:
            self: http://localhost:3000/api/v1/entities/workspaces/demo/workspaceSettings/test_setting
  - request:
      method: GET
      uri: http://localhost:3000/api/v1/entities/workspaces/demo/workspaceSettings/test_setting
      body: null
      headers:
        Accept:
          - application/json
        Accept-Encoding:
          - br, gzip, deflate
        X-GDC-VALIDATE-RELATIONS:
          - 'true'
        X-Requested-With:
          - XMLHttpRequest
    response:
      status:
        code: 200
        message: OK
      headers:
        Cache-Control:
          - no-cache, no-store, max-age=0, must-revalidate
        Content-Length:
          - '279'
        Content-Type:
          - application/json
        DATE: *id001
        Expires:
          - '0'
        Pragma:
          - no-cache
        Referrer-Policy:
          - no-referrer
        Vary:
          - Origin
          - Access-Control-Request-Method
          - Access-Control-Request-Headers
        X-Content-Type-Options:
          - nosniff
        X-GDC-TRACE-ID: *id001
        X-Xss-Protection:
          - '0'
      body:
        string:
          data:
            id: test_setting
            type: workspaceSetting
            attributes:
              content:
                value: fr-FR
              type: LOCALE
            meta:
              origin:
                originType: NATIVE
                originId: demo
          links:
            self: http://localhost:3000/api/v1/entities/workspaces/demo/workspaceSettings/test_setting
  - request:
      method: GET
      uri: http://localhost:3000/api/v1/entities/workspaces/demo/workspaceSettings/test_setting
      body: null
      headers:
        Accept:
          - application/json
        Accept-Encoding:
          - br, gzip, deflate
        X-GDC-VALIDATE-RELATIONS:
          - 'true'
        X-Requested-With:
          - XMLHttpRequest
    response:
      status:
        code: 200
        message: OK
      headers:
        Cache-Control:
          - no-cache, no-store, max-age=0, must-revalidate
        Content-Length:
          - '279'
        Content-Type:
          - application/json
        DATE: *id001
        Expires:
          - '0'
        Pragma:
          - no-cache
        Referrer-Policy:
          - no-referrer
        Vary:
          - Origin
          - Access-Control-Request-Method
          - Access-Control-Request-Headers
        X-Content-Type-Options:
          - nosniff
        X-GDC-TRACE-ID: *id001
        X-Xss-Protection:
          - '0'
      body:
        string:
          data:
            id: test_setting
            type: workspaceSetting
            attributes:
              content:
                value: fr-FR
              type: LOCALE
            meta:
              origin:
                originType: NATIVE
                originId: demo
          links:
            self: http://localhost:3000/api/v1/entities/workspaces/demo/workspaceSettings/test_setting
  - request:
      method: PUT
      uri: http://localhost:3000/api/v1/entities/workspaces/demo/workspaceSettings/test_setting
      body:
        data:
          id: test_setting
          type: workspaceSetting
          attributes:
            content:
              value: en-US
            type: LOCALE
      headers:
        Accept:
          - application/json
        Accept-Encoding:
          - br, gzip, deflate
        Content-Type:
          - application/json
        X-GDC-VALIDATE-RELATIONS:
          - 'true'
        X-Requested-With:
          - XMLHttpRequest
    response:
      status:
        code: 200
        message: OK
      headers:
        Cache-Control:
          - no-cache, no-store, max-age=0, must-revalidate
        Content-Length:
          - '279'
        Content-Type:
          - application/json
        DATE: *id001
        Expires:
          - '0'
        Pragma:
          - no-cache
        Referrer-Policy:
          - no-referrer
        Vary:
          - Origin
          - Access-Control-Request-Method
          - Access-Control-Request-Headers
        X-Content-Type-Options:
          - nosniff
        X-GDC-TRACE-ID: *id001
        X-Xss-Protection:
          - '0'
      body:
        string:
          data:
            id: test_setting
            type: workspaceSetting
            attributes:
              content:
                value: en-US
              type: LOCALE
            meta:
              origin:
                originType: NATIVE
                originId: demo
          links:
            self: http://localhost:3000/api/v1/entities/workspaces/demo/workspaceSettings/test_setting
  - request:
      method: GET
      uri: http://localhost:3000/api/v1/entities/workspaces/demo/workspaceSettings/test_setting
      body: null
      headers:
        Accept:
          - application/json
        Accept-Encoding:
          - br, gzip, deflate
        X-GDC-VALIDATE-RELATIONS:
          - 'true'
        X-Requested-With:
          - XMLHttpRequest
    response:
      status:
        code: 200
        message: OK
      headers:
        Cache-Control:
          - no-cache, no-store, max-age=0, must-revalidate
        Content-Length:
          - '279'
        Content-Type:
          - application/json
        DATE: *id001
        Expires:
          - '0'
        Pragma:
          - no-cache
        Referrer-Policy:
          - no-referrer
        Vary:
          - Origin
          - Access-Control-Request-Method
          - Access-Control-Request-Headers
        X-Content-Type-Options:
          - nosniff
        X-GDC-TRACE-ID: *id001
        X-Xss-Protection:
          - '0'
      body:
        string:
          data:
            id: test_setting
            type: workspaceSetting
            attributes:
              content:
                value: en-US
              type: LOCALE
            meta:
              origin:
                originType: NATIVE
                originId: demo
          links:
            self: http://localhost:3000/api/v1/entities/workspaces/demo/workspaceSettings/test_setting
  - request:
      method: DELETE
      uri: http://localhost:3000/api/v1/entities/workspaces/demo/workspaceSettings/test_setting
      body: null
      headers:
        Accept-Encoding:
          - br, gzip, deflate
        X-GDC-VALIDATE-RELATIONS:
          - 'true'
        X-Requested-With:
          - XMLHttpRequest
    response:
      status:
        code: 204
        message: No Content
      headers:
        Cache-Control:
          - no-cache, no-store, max-age=0, must-revalidate
        Content-Type:
          - application/vnd.gooddata.api+json
        DATE: *id001
        Expires:
          - '0'
        Pragma:
          - no-cache
        Referrer-Policy:
          - no-referrer
        Vary:
          - Origin
          - Access-Control-Request-Method
          - Access-Control-Request-Headers
        X-Content-Type-Options:
          - nosniff
        X-GDC-TRACE-ID: *id001
        X-Xss-Protection:
          - '0'
      body:
        string: ''
  - request:
      method: GET
      uri: http://localhost:3000/api/v1/entities/workspaces/demo/workspaceSettings?page=0&size=500
      body: null
      headers:
        Accept:
          - application/json
        Accept-Encoding:
          - br, gzip, deflate
        X-GDC-VALIDATE-RELATIONS:
          - 'true'
        X-Requested-With:
          - XMLHttpRequest
    response:
      status:
        code: 200
        message: OK
      headers:
        Cache-Control:
          - no-cache, no-store, max-age=0, must-revalidate
        Content-Length:
          - '215'
        Content-Type:
          - application/json
        DATE: *id001
        Expires:
          - '0'
        Pragma:
          - no-cache
        Referrer-Policy:
          - no-referrer
        Vary:
          - Origin
          - Access-Control-Request-Method
          - Access-Control-Request-Headers
        X-Content-Type-Options:
          - nosniff
        X-GDC-TRACE-ID: *id001
        X-Xss-Protection:
          - '0'
      body:
        string:
          data: []
          links:
            self: http://localhost:3000/api/v1/entities/workspaces/demo/workspaceSettings?page=0&size=500
            next: http://localhost:3000/api/v1/entities/workspaces/demo/workspaceSettings?page=1&size=500
